Toolbox "mpt:3.2.1:all" added to the Matlab path.
Toolbox "mptdoc:3.0.4:all" added to the Matlab path.
Toolbox "cddmex:1.0.1:pcwin64" added to the Matlab path.
Toolbox "fourier:1.0:pcwin64" added to the Matlab path.
Toolbox "glpkmex:1.0:pcwin64" added to the Matlab path.
Toolbox "hysdel:2.0.6:pcwin64" added to the Matlab path.
Toolbox "lcp:1.0.3:pcwin64" added to the Matlab path.
Toolbox "sedumi:1.3:pcwin64" added to the Matlab path.
Toolbox "yalmip:R20230609:all" added to the Matlab path.
simOpen original/shifted relative errors: 2.03e-08 2.33e-08 2.32e-08 2.23e-08 0
simOpen N=24/32 relative errors: 3.08e-08 3.69e-08 3.69e-08 3.49e-08 0
simClosed original/shifted relative errors: 2.48e-09 3.31e-09 4.73e-09 4.6e-09 2.74e-09
simClosed N=24/32 relative errors: 7.67e-09 2.25e-09 6.89e-08 2.66e-07 4.38e-08
Original equilibrium rates: 20.44251554 21.83661841
Deviation sector margins: 85.50974319 174.9297114
Actual certified alpha: 0.4921875
Sector upper limits [S,G]: 133.836329 63.3108356
Closed-loop maxima z [S,G]: 48.326586 -111.618876
Final closed-loop states [S,G]: 20.4425155 21.8366184
Peak paper control effort: 19.7091909
